A = tron 60% thu cong + 40% mang (nnue_tanh.npz)
B = tron 60/40 KHONG co dong
32 van, A depth 3 vs B depth 3, tu 16 the co khai cuoc khac nhau

  van 1/32: A cam Trang -> hoa  (A: 0.5/1)
  van 2/32: A cam Den -> B thang  (A: 0.5/2)
  van 3/32: A cam Trang -> A THANG  (A: 1.5/3)
  van 4/32: A cam Den -> hoa  (A: 2.0/4)
  van 5/32: A cam Trang -> B thang  (A: 2.0/5)
  van 6/32: A cam Den -> hoa  (A: 2.5/6)
  van 7/32: A cam Trang -> B thang  (A: 2.5/7)
  van 8/32: A cam Den -> hoa  (A: 3.0/8)
  van 9/32: A cam Trang -> hoa  (A: 3.5/9)
  van 10/32: A cam Den -> A THANG  (A: 4.5/10)
  van 11/32: A cam Trang -> A THANG  (A: 5.5/11)
  van 12/32: A cam Den -> A THANG  (A: 6.5/12)
  van 13/32: A cam Trang -> A THANG  (A: 7.5/13)
  van 14/32: A cam Den -> hoa  (A: 8.0/14)
  van 15/32: A cam Trang -> hoa  (A: 8.5/15)
  van 16/32: A cam Den -> A THANG  (A: 9.5/16)
  van 17/32: A cam Trang -> A THANG  (A: 10.5/17)
  van 18/32: A cam Den -> B thang  (A: 10.5/18)
  van 19/32: A cam Trang -> A THANG  (A: 11.5/19)
  van 20/32: A cam Den -> hoa  (A: 12.0/20)
  van 21/32: A cam Trang -> B thang  (A: 12.0/21)
  van 22/32: A cam Den -> hoa  (A: 12.5/22)
  van 23/32: A cam Trang -> A THANG  (A: 13.5/23)
  van 24/32: A cam Den -> hoa  (A: 14.0/24)
  van 25/32: A cam Trang -> hoa  (A: 14.5/25)
  van 26/32: A cam Den -> B thang  (A: 14.5/26)
  van 27/32: A cam Trang -> B thang  (A: 14.5/27)
  van 28/32: A cam Den -> hoa  (A: 15.0/28)
  van 29/32: A cam Trang -> B thang  (A: 15.0/29)
  van 30/32: A cam Den -> B thang  (A: 15.0/30)
  van 31/32: A cam Trang -> A THANG  (A: 16.0/31)
  van 32/32: A cam Den -> A THANG  (A: 17.0/32)

A duoc 17.0/32 = 53.1% (11 thang, 12 hoa, 9 thua)
Thoi gian: 84.6 phut
Sai so chuan: +/-8.8 diem phan tram
Chenh lech Elo cua A so voi B: +22 (khoang tin cay 95%: -101 den +151)
