A = tron 60/40 (C)
B = tron 0/100 (C)
60 van, A depth 8 vs B depth 8, tu 30 the co khai cuoc khac nhau

  van 1/60: A cam Trang -> hoa  (A: 0.5/1)
  van 2/60: A cam Den -> A THANG  (A: 1.5/2)
  van 3/60: A cam Trang -> A THANG  (A: 2.5/3)
  van 4/60: A cam Den -> B thang  (A: 2.5/4)
  van 5/60: A cam Trang -> A THANG  (A: 3.5/5)
  van 6/60: A cam Den -> B thang  (A: 3.5/6)
  van 7/60: A cam Trang -> B thang  (A: 3.5/7)
  van 8/60: A cam Den -> A THANG  (A: 4.5/8)
  van 9/60: A cam Trang -> A THANG  (A: 5.5/9)
  van 10/60: A cam Den -> B thang  (A: 5.5/10)
  van 11/60: A cam Trang -> hoa  (A: 6.0/11)
  van 12/60: A cam Den -> A THANG  (A: 7.0/12)
  van 13/60: A cam Trang -> A THANG  (A: 8.0/13)
  van 14/60: A cam Den -> hoa  (A: 8.5/14)
  van 15/60: A cam Trang -> A THANG  (A: 9.5/15)
  van 16/60: A cam Den -> B thang  (A: 9.5/16)
  van 17/60: A cam Trang -> A THANG  (A: 10.5/17)
  van 18/60: A cam Den -> A THANG  (A: 11.5/18)
  van 19/60: A cam Trang -> A THANG  (A: 12.5/19)
  van 20/60: A cam Den -> A THANG  (A: 13.5/20)
  van 21/60: A cam Trang -> A THANG  (A: 14.5/21)
  van 22/60: A cam Den -> A THANG  (A: 15.5/22)
  van 23/60: A cam Trang -> B thang  (A: 15.5/23)
