A = ham thu cong
B = tron 65% thu cong + 35% mang (nnue_tanh.npz)
48 van, depth 1, tu 24 the co khai cuoc khac nhau

  van 1/48: A cam Trang -> B thang  (A: 0.0/1)
  van 2/48: A cam Den -> A THANG  (A: 1.0/2)
  van 3/48: A cam Trang -> B thang  (A: 1.0/3)
  van 4/48: A cam Den -> A THANG  (A: 2.0/4)
  van 5/48: A cam Trang -> hoa  (A: 2.5/5)
  van 6/48: A cam Den -> B thang  (A: 2.5/6)
  van 7/48: A cam Trang -> A THANG  (A: 3.5/7)
  van 8/48: A cam Den -> A THANG  (A: 4.5/8)
  van 9/48: A cam Trang -> B thang  (A: 4.5/9)
  van 10/48: A cam Den -> B thang  (A: 4.5/10)
  van 11/48: A cam Trang -> B thang  (A: 4.5/11)
  van 12/48: A cam Den -> B thang  (A: 4.5/12)
  van 13/48: A cam Trang -> A THANG  (A: 5.5/13)
  van 14/48: A cam Den -> B thang  (A: 5.5/14)
  van 15/48: A cam Trang -> B thang  (A: 5.5/15)
  van 16/48: A cam Den -> B thang  (A: 5.5/16)
  van 17/48: A cam Trang -> A THANG  (A: 6.5/17)
  van 18/48: A cam Den -> B thang  (A: 6.5/18)
  van 19/48: A cam Trang -> B thang  (A: 6.5/19)
  van 20/48: A cam Den -> hoa  (A: 7.0/20)
  van 21/48: A cam Trang -> hoa  (A: 7.5/21)
  van 22/48: A cam Den -> B thang  (A: 7.5/22)
  van 23/48: A cam Trang -> B thang  (A: 7.5/23)
  van 24/48: A cam Den -> hoa  (A: 8.0/24)
  van 25/48: A cam Trang -> B thang  (A: 8.0/25)
  van 26/48: A cam Den -> B thang  (A: 8.0/26)
  van 27/48: A cam Trang -> B thang  (A: 8.0/27)
  van 28/48: A cam Den -> hoa  (A: 8.5/28)
  van 29/48: A cam Trang -> B thang  (A: 8.5/29)
  van 30/48: A cam Den -> hoa  (A: 9.0/30)
  van 31/48: A cam Trang -> B thang  (A: 9.0/31)
  van 32/48: A cam Den -> A THANG  (A: 10.0/32)
  van 33/48: A cam Trang -> A THANG  (A: 11.0/33)
  van 34/48: A cam Den -> B thang  (A: 11.0/34)
  van 35/48: A cam Trang -> hoa  (A: 11.5/35)
  van 36/48: A cam Den -> hoa  (A: 12.0/36)
  van 37/48: A cam Trang -> hoa  (A: 12.5/37)
  van 38/48: A cam Den -> B thang  (A: 12.5/38)
  van 39/48: A cam Trang -> B thang  (A: 12.5/39)
  van 40/48: A cam Den -> A THANG  (A: 13.5/40)
  van 41/48: A cam Trang -> hoa  (A: 14.0/41)
  van 42/48: A cam Den -> A THANG  (A: 15.0/42)
  van 43/48: A cam Trang -> B thang  (A: 15.0/43)
  van 44/48: A cam Den -> hoa  (A: 15.5/44)
  van 45/48: A cam Trang -> B thang  (A: 15.5/45)
  van 46/48: A cam Den -> B thang  (A: 15.5/46)
  van 47/48: A cam Trang -> B thang  (A: 15.5/47)
  van 48/48: A cam Den -> B thang  (A: 15.5/48)

A duoc 15.5/48 = 32.3% (10 thang, 11 hoa, 27 thua)
Thoi gian: 155.6 phut
Sai so chuan: +/-6.7 diem phan tram
Chenh lech Elo cua A so voi B: -129 (khoang tin cay 95%: -251 den -31)
