A = ham thu cong
B = tron 35% thu cong + 65% mang (nnue_net.npz)
48 van, depth 1, tu 24 the co khai cuoc khac nhau

  van 1/48: A cam Trang -> B thang  (A: 0.0/1)
  van 2/48: A cam Den -> A THANG  (A: 1.0/2)
  van 3/48: A cam Trang -> B thang  (A: 1.0/3)
  van 4/48: A cam Den -> B thang  (A: 1.0/4)
  van 5/48: A cam Trang -> A THANG  (A: 2.0/5)
  van 6/48: A cam Den -> A THANG  (A: 3.0/6)
  van 7/48: A cam Trang -> B thang  (A: 3.0/7)
  van 8/48: A cam Den -> A THANG  (A: 4.0/8)
  van 9/48: A cam Trang -> A THANG  (A: 5.0/9)
  van 10/48: A cam Den -> B thang  (A: 5.0/10)
  van 11/48: A cam Trang -> B thang  (A: 5.0/11)
  van 12/48: A cam Den -> A THANG  (A: 6.0/12)
  van 13/48: A cam Trang -> B thang  (A: 6.0/13)
  van 14/48: A cam Den -> B thang  (A: 6.0/14)
  van 15/48: A cam Trang -> hoa  (A: 6.5/15)
  van 16/48: A cam Den -> A THANG  (A: 7.5/16)
  van 17/48: A cam Trang -> B thang  (A: 7.5/17)
  van 18/48: A cam Den -> B thang  (A: 7.5/18)
  van 19/48: A cam Trang -> B thang  (A: 7.5/19)
  van 20/48: A cam Den -> A THANG  (A: 8.5/20)
  van 21/48: A cam Trang -> B thang  (A: 8.5/21)
  van 22/48: A cam Den -> B thang  (A: 8.5/22)
  van 23/48: A cam Trang -> B thang  (A: 8.5/23)
  van 24/48: A cam Den -> B thang  (A: 8.5/24)
  van 25/48: A cam Trang -> B thang  (A: 8.5/25)
  van 26/48: A cam Den -> hoa  (A: 9.0/26)
  van 27/48: A cam Trang -> A THANG  (A: 10.0/27)
  van 28/48: A cam Den -> A THANG  (A: 11.0/28)
  van 29/48: A cam Trang -> B thang  (A: 11.0/29)
  van 30/48: A cam Den -> B thang  (A: 11.0/30)
  van 31/48: A cam Trang -> B thang  (A: 11.0/31)
  van 32/48: A cam Den -> B thang  (A: 11.0/32)
  van 33/48: A cam Trang -> hoa  (A: 11.5/33)
  van 34/48: A cam Den -> A THANG  (A: 12.5/34)
  van 35/48: A cam Trang -> hoa  (A: 13.0/35)
  van 36/48: A cam Den -> A THANG  (A: 14.0/36)
  van 37/48: A cam Trang -> B thang  (A: 14.0/37)
  van 38/48: A cam Den -> B thang  (A: 14.0/38)
  van 39/48: A cam Trang -> B thang  (A: 14.0/39)
  van 40/48: A cam Den -> A THANG  (A: 15.0/40)
  van 41/48: A cam Trang -> B thang  (A: 15.0/41)
  van 42/48: A cam Den -> A THANG  (A: 16.0/42)
  van 43/48: A cam Trang -> A THANG  (A: 17.0/43)
  van 44/48: A cam Den -> A THANG  (A: 18.0/44)
  van 45/48: A cam Trang -> B thang  (A: 18.0/45)
  van 46/48: A cam Den -> B thang  (A: 18.0/46)
  van 47/48: A cam Trang -> B thang  (A: 18.0/47)
  van 48/48: A cam Den -> A THANG  (A: 19.0/48)

A duoc 19.0/48 = 39.6% (17 thang, 4 hoa, 27 thua)
Thoi gian: 2.7 phut
Sai so chuan: +/-7.1 diem phan tram
Chenh lech Elo cua A so voi B: -73 (khoang tin cay 95%: -184 den +24)
