Danh gia: tron 60/40 (tim kiem trong C)
30 van tu 15 the co khai cuoc khac nhau (moi the danh ca hai mau quan)
  van 1/30: QiSheng cam Trang -> thua  (tong 0.0/1)
  van 2/30: QiSheng cam Den -> hoa  (tong 0.5/2)
  van 3/30: QiSheng cam Trang -> thua  (tong 0.5/3)
  van 4/30: QiSheng cam Den -> hoa  (tong 1.0/4)
  van 5/30: QiSheng cam Trang -> hoa  (tong 1.5/5)
  van 6/30: QiSheng cam Den -> hoa  (tong 2.0/6)
  van 7/30: QiSheng cam Trang -> hoa  (tong 2.5/7)
  van 8/30: QiSheng cam Den -> hoa  (tong 3.0/8)
  van 9/30: QiSheng cam Trang -> hoa  (tong 3.5/9)
  van 10/30: QiSheng cam Den -> hoa  (tong 4.0/10)
  van 11/30: QiSheng cam Trang -> hoa  (tong 4.5/11)
  van 12/30: QiSheng cam Den -> hoa  (tong 5.0/12)
  van 13/30: QiSheng cam Trang -> hoa  (tong 5.5/13)
  van 14/30: QiSheng cam Den -> hoa  (tong 6.0/14)
  van 15/30: QiSheng cam Trang -> hoa  (tong 6.5/15)
  van 16/30: QiSheng cam Den -> thua  (tong 6.5/16)
  van 17/30: QiSheng cam Trang -> hoa  (tong 7.0/17)
  van 18/30: QiSheng cam Den -> hoa  (tong 7.5/18)
