Danh gia: tron 60/40 (tim kiem trong C)
24 van tu 12 the co khai cuoc khac nhau (moi the danh ca hai mau quan)
  van 1/24: QiSheng cam Trang -> hoa  (tong 0.5/1)
  van 2/24: QiSheng cam Den -> thua  (tong 0.5/2)
  van 3/24: QiSheng cam Trang -> thua  (tong 0.5/3)
  van 4/24: QiSheng cam Den -> thua  (tong 0.5/4)
  van 5/24: QiSheng cam Trang -> thua  (tong 0.5/5)
  van 6/24: QiSheng cam Den -> thua  (tong 0.5/6)
  van 7/24: QiSheng cam Trang -> hoa  (tong 1.0/7)
  van 8/24: QiSheng cam Den -> thua  (tong 1.0/8)
  van 9/24: QiSheng cam Trang -> thua  (tong 1.0/9)
  van 10/24: QiSheng cam Den -> hoa  (tong 1.5/10)
  van 11/24: QiSheng cam Trang -> thua  (tong 1.5/11)
  van 12/24: QiSheng cam Den -> thua  (tong 1.5/12)
  van 13/24: QiSheng cam Trang -> thua  (tong 1.5/13)
  van 14/24: QiSheng cam Den -> thua  (tong 1.5/14)
  van 15/24: QiSheng cam Trang -> thua  (tong 1.5/15)
  van 16/24: QiSheng cam Den -> thua  (tong 1.5/16)
  van 17/24: QiSheng cam Trang -> thua  (tong 1.5/17)
  van 18/24: QiSheng cam Den -> hoa  (tong 2.0/18)
  van 19/24: QiSheng cam Trang -> hoa  (tong 2.5/19)
  van 20/24: QiSheng cam Den -> thua  (tong 2.5/20)
  van 21/24: QiSheng cam Trang -> thua  (tong 2.5/21)
  van 22/24: QiSheng cam Den -> hoa  (tong 3.0/22)
  van 23/24: QiSheng cam Trang -> hoa  (tong 3.5/23)
  van 24/24: QiSheng cam Den -> thua  (tong 3.5/24)

Ket qua: 3.5/24 = ti le diem 14.6% (0 thang, 7 hoa, 17 thua)
Thoi gian: 3.3 phut
Chenh lech Elo uoc tinh so voi Pikafish 20000 nut: -307
