Danh gia: tron 60/40 (tim kiem trong C)
30 van tu 15 the co khai cuoc khac nhau (moi the danh ca hai mau quan)
  van 1/30: QiSheng cam Trang -> thua  (tong 0.0/1)
  van 2/30: QiSheng cam Den -> hoa  (tong 0.5/2)
  van 3/30: QiSheng cam Trang -> thua  (tong 0.5/3)
  van 4/30: QiSheng cam Den -> thua  (tong 0.5/4)
  van 5/30: QiSheng cam Trang -> hoa  (tong 1.0/5)
  van 6/30: QiSheng cam Den -> hoa  (tong 1.5/6)
  van 7/30: QiSheng cam Trang -> thua  (tong 1.5/7)
  van 8/30: QiSheng cam Den -> thua  (tong 1.5/8)
  van 9/30: QiSheng cam Trang -> hoa  (tong 2.0/9)
  van 10/30: QiSheng cam Den -> hoa  (tong 2.5/10)
  van 11/30: QiSheng cam Trang -> hoa  (tong 3.0/11)
  van 12/30: QiSheng cam Den -> hoa  (tong 3.5/12)
  van 13/30: QiSheng cam Trang -> hoa  (tong 4.0/13)
  van 14/30: QiSheng cam Den -> thua  (tong 4.0/14)
  van 15/30: QiSheng cam Trang -> hoa  (tong 4.5/15)
  van 16/30: QiSheng cam Den -> hoa  (tong 5.0/16)
  van 17/30: QiSheng cam Trang -> thua  (tong 5.0/17)
  van 18/30: QiSheng cam Den -> THANG  (tong 6.0/18)
  van 19/30: QiSheng cam Trang -> hoa  (tong 6.5/19)
  van 20/30: QiSheng cam Den -> thua  (tong 6.5/20)
  van 21/30: QiSheng cam Trang -> hoa  (tong 7.0/21)
  van 22/30: QiSheng cam Den -> hoa  (tong 7.5/22)
  van 23/30: QiSheng cam Trang -> thua  (tong 7.5/23)
  van 24/30: QiSheng cam Den -> hoa  (tong 8.0/24)
  van 25/30: QiSheng cam Trang -> hoa  (tong 8.5/25)
  van 26/30: QiSheng cam Den -> thua  (tong 8.5/26)
  van 27/30: QiSheng cam Trang -> hoa  (tong 9.0/27)
  van 28/30: QiSheng cam Den -> hoa  (tong 9.5/28)
  van 29/30: QiSheng cam Trang -> hoa  (tong 10.0/29)
  van 30/30: QiSheng cam Den -> hoa  (tong 10.5/30)

Ket qua: 10.5/30 = ti le diem 35.0% (1 thang, 19 hoa, 10 thua)
Thoi gian: 3.8 phut
Chenh lech Elo uoc tinh so voi Pikafish 2000 nut: -108
