Danh gia: tron 60/40 (tim kiem trong C)
24 van tu 12 the co khai cuoc khac nhau (moi the danh ca hai mau quan)
  van 1/24: QiSheng cam Trang -> hoa  (tong 0.5/1)
  van 2/24: QiSheng cam Den -> hoa  (tong 1.0/2)
  van 3/24: QiSheng cam Trang -> THANG  (tong 2.0/3)
  van 4/24: QiSheng cam Den -> hoa  (tong 2.5/4)
  van 5/24: QiSheng cam Trang -> hoa  (tong 3.0/5)
  van 6/24: QiSheng cam Den -> hoa  (tong 3.5/6)
  van 7/24: QiSheng cam Trang -> hoa  (tong 4.0/7)
  van 8/24: QiSheng cam Den -> hoa  (tong 4.5/8)
  van 9/24: QiSheng cam Trang -> hoa  (tong 5.0/9)
  van 10/24: QiSheng cam Den -> hoa  (tong 5.5/10)
  van 11/24: QiSheng cam Trang -> hoa  (tong 6.0/11)
  van 12/24: QiSheng cam Den -> hoa  (tong 6.5/12)
  van 13/24: QiSheng cam Trang -> THANG  (tong 7.5/13)
  van 14/24: QiSheng cam Den -> hoa  (tong 8.0/14)
  van 15/24: QiSheng cam Trang -> hoa  (tong 8.5/15)
  van 16/24: QiSheng cam Den -> hoa  (tong 9.0/16)
  van 17/24: QiSheng cam Trang -> hoa  (tong 9.5/17)
  van 18/24: QiSheng cam Den -> hoa  (tong 10.0/18)
  van 19/24: QiSheng cam Trang -> hoa  (tong 10.5/19)
  van 20/24: QiSheng cam Den -> hoa  (tong 11.0/20)
  van 21/24: QiSheng cam Trang -> thua  (tong 11.0/21)
  van 22/24: QiSheng cam Den -> THANG  (tong 12.0/22)
  van 23/24: QiSheng cam Trang -> hoa  (tong 12.5/23)
  van 24/24: QiSheng cam Den -> hoa  (tong 13.0/24)

Ket qua: 13.0/24 = ti le diem 54.2% (3 thang, 20 hoa, 1 thua)
Thoi gian: 17.7 phut
Chenh lech Elo uoc tinh so voi Pikafish 2000 nut: +29
