Doc du lieu...
Tinh lai nhan theo thang tanh(cp/1600)
  data/data_pikafish_s0.jsonl: tong 363,424 mau
  data/data_pikafish_s1.jsonl: tong 1,696,758 mau
  data/data_pikafish_s10.jsonl: tong 1,866,758 mau
  data/data_pikafish_s11.jsonl: tong 2,036,758 mau
  data/data_pikafish_s12.jsonl: tong 2,068,758 mau
  data/data_pikafish_s13.jsonl: tong 2,100,758 mau
  data/data_pikafish_s14.jsonl: tong 2,132,758 mau
  data/data_pikafish_s15.jsonl: tong 2,164,758 mau
  data/data_pikafish_s16.jsonl: tong 3,504,758 mau
  data/data_pikafish_s17.jsonl: tong 4,844,758 mau
  data/data_pikafish_s18.jsonl: tong 6,184,758 mau
  data/data_pikafish_s19.jsonl: tong 7,524,758 mau
  data/data_pikafish_s2.jsonl: tong 8,858,092 mau
  data/data_pikafish_s20.jsonl: tong 10,198,092 mau
  data/data_pikafish_s21.jsonl: tong 11,538,092 mau
  data/data_pikafish_s22.jsonl: tong 11,555,695 mau
  data/data_pikafish_s3.jsonl: tong 12,872,749 mau
  data/data_pikafish_s4.jsonl: tong 14,206,083 mau
  data/data_pikafish_s5.jsonl: tong 14,997,188 mau
  data/data_pikafish_s6.jsonl: tong 15,397,188 mau
  data/data_pikafish_s7.jsonl: tong 15,797,188 mau
  data/data_pikafish_s8.jsonl: tong 15,967,188 mau
  data/data_pikafish_s9.jsonl: tong 16,137,188 mau
  data/data_crawl_s0.jsonl: tong 16,140,921 mau
  data/data_crawl_s1.jsonl: tong 16,144,644 mau
  data/data_crawl_s2.jsonl: tong 16,148,393 mau
  data/data_crawl_s3.jsonl: tong 16,152,083 mau
  data/data_crawl_s4.jsonl: tong 16,155,806 mau
  data/data_crawl_s5.jsonl: tong 16,159,583 mau
  data/data_openings_chessdb.jsonl: tong 16,164,880 mau
  data/training_set.jsonl: tong 16,202,299 mau
Dung 16,000,000 mau doc nhat
Trich dac trung (mot lan duy nhat)...
  1,000,000/16,000,000 (7s)
  2,000,000/16,000,000 (14s)
  3,000,000/16,000,000 (21s)
  4,000,000/16,000,000 (34s)
  5,000,000/16,000,000 (44s)
  6,000,000/16,000,000 (54s)
  7,000,000/16,000,000 (62s)
  8,000,000/16,000,000 (68s)
  9,000,000/16,000,000 (75s)
  10,000,000/16,000,000 (82s)
  11,000,000/16,000,000 (89s)
  12,000,000/16,000,000 (97s)
  13,000,000/16,000,000 (104s)
  14,000,000/16,000,000 (113s)
  15,000,000/16,000,000 (121s)
  16,000,000/16,000,000 (134s)
Xong: 138s, 2.70 GB
train 15,200,000 | val 800,000
Mang NNUE: 331,105 tham so (CNN cu: 797.313)
Epoch  1: train 0.00475 val 0.00396  (RMSE 63 diem, 59s, lr 1.99e-03) *
Epoch  2: train 0.00375 val 0.00362  (RMSE 60 diem, 82s, lr 1.98e-03) *
Epoch  3: train 0.00350 val 0.00349  (RMSE 59 diem, 71s, lr 1.95e-03) *
Epoch  4: train 0.00336 val 0.00337  (RMSE 58 diem, 71s, lr 1.91e-03) *
Epoch  5: train 0.00326 val 0.00339  (RMSE 58 diem, 80s, lr 1.87e-03)
Epoch  6: train 0.00318 val 0.00329  (RMSE 57 diem, 78s, lr 1.81e-03) *
Epoch  7: train 0.00313 val 0.00328  (RMSE 57 diem, 84s, lr 1.74e-03) *
Epoch  8: train 0.00309 val 0.00324  (RMSE 57 diem, 81s, lr 1.67e-03) *
Epoch  9: train 0.00305 val 0.00324  (RMSE 57 diem, 80s, lr 1.59e-03) *
Epoch 10: train 0.00302 val 0.00320  (RMSE 57 diem, 106s, lr 1.50e-03) *
Epoch 11: train 0.00299 val 0.00321  (RMSE 57 diem, 68s, lr 1.41e-03)
Epoch 12: train 0.00296 val 0.00318  (RMSE 56 diem, 73s, lr 1.31e-03) *
Epoch 13: train 0.00293 val 0.00317  (RMSE 56 diem, 117s, lr 1.21e-03) *
Epoch 14: train 0.00290 val 0.00317  (RMSE 56 diem, 97s, lr 1.10e-03) *
Epoch 15: train 0.00288 val 0.00315  (RMSE 56 diem, 59s, lr 1.00e-03) *
Epoch 16: train 0.00285 val 0.00314  (RMSE 56 diem, 71s, lr 8.95e-04) *
Epoch 17: train 0.00283 val 0.00314  (RMSE 56 diem, 98s, lr 7.92e-04)
Epoch 18: train 0.00280 val 0.00313  (RMSE 56 diem, 64s, lr 6.91e-04) *
Epoch 19: train 0.00278 val 0.00313  (RMSE 56 diem, 72s, lr 5.93e-04) *
Epoch 20: train 0.00276 val 0.00313  (RMSE 56 diem, 78s, lr 5.00e-04) *
Epoch 21: train 0.00274 val 0.00312  (RMSE 56 diem, 40s, lr 4.12e-04) *
Epoch 22: train 0.00272 val 0.00312  (RMSE 56 diem, 36s, lr 3.31e-04) *
Epoch 23: train 0.00270 val 0.00312  (RMSE 56 diem, 54s, lr 2.57e-04) *
Epoch 24: train 0.00269 val 0.00311  (RMSE 56 diem, 55s, lr 1.91e-04) *
Epoch 25: train 0.00267 val 0.00312  (RMSE 56 diem, 54s, lr 1.34e-04)
Epoch 26: train 0.00266 val 0.00312  (RMSE 56 diem, 59s, lr 8.65e-05)
Epoch 27: train 0.00265 val 0.00311  (RMSE 56 diem, 76s, lr 4.89e-05) *
Epoch 28: train 0.00264 val 0.00312  (RMSE 56 diem, 88s, lr 2.19e-05)
Epoch 29: train 0.00263 val 0.00312  (RMSE 56 diem, 179s, lr 5.48e-06)
Epoch 30: train 0.00263 val 0.00312  (RMSE 56 diem, 180s, lr 0.00e+00)
Tot nhat: val 0.00311 (RMSE 56 diem) -> weights/nnue_lich.pt
